[backblue.gif]
[fade.gif]
[index.html]
[thememinister.com/crm/assets/dist/img/ico/favicon.png]
[thememinister.com/crm/assets/dist/img/mini-logo.png]
[thememinister.com/crm/assets/dist/img/logo.png]
[thememinister.com/crm/assets/dist/img/basketball-jersey.png]
[thememinister.com/crm/assets/dist/img/shirt.png]
[thememinister.com/crm/assets/dist/img/football.png]
[thememinister.com/crm/assets/dist/img/shoe.png]
[thememinister.com/crm/assets/dist/img/avatar.png]
[thememinister.com/crm/assets/dist/img/avatar2.png]
[thememinister.com/crm/assets/dist/img/avatar3.png]
[thememinister.com/crm/assets/dist/img/avatar4.png]
[thememinister.com/crm/assets/dist/img/avatar5.png]
[thememinister.com/crm/assets/plugins/jQuery/jquery-1.12.4.min.js]
[thememinister.com/crm/assets/plugins/jquery-ui-1.12.1/jquery-ui.min.js]
[thememinister.com/crm/assets/bootstrap/js/bootstrap.min.js]
[thememinister.com/crm/assets/plugins/lobipanel/lobipanel.min.js]
[thememinister.com/crm/assets/plugins/pace/pace.min.js]
[thememinister.com/crm/assets/plugins/slimScroll/jquery.slimscroll.min.js]
[thememinister.com/crm/assets/plugins/fastclick/fastclick.min.js]
[thememinister.com/crm/assets/dist/js/custom.js]
[thememinister.com/crm/assets/plugins/chartJs/Chart.min.js]
[thememinister.com/crm/assets/plugins/counterup/waypoints.js]
[thememinister.com/crm/assets/plugins/counterup/jquery.counterup.min.js]
[thememinister.com/crm/assets/plugins/monthly/monthly.js]
[thememinister.com/crm/assets/dist/js/dashboard.js]
[thememinister.com/crm/index.html]
[thememinister.com/crm/assets/plugins/jquery-ui-1.12.1/images/ui-icons_444444_256x240.png]
[thememinister.com/crm/assets/plugins/jquery-ui-1.12.1/images/ui-icons_555555_256x240.png]
[thememinister.com/crm/assets/plugins/jquery-ui-1.12.1/images/ui-icons_ffffff_256x240.png]
[thememinister.com/crm/assets/plugins/jquery-ui-1.12.1/images/ui-icons_777620_256x240.png]
[thememinister.com/crm/assets/plugins/jquery-ui-1.12.1/images/ui-icons_cc0000_256x240.png]
[thememinister.com/crm/assets/plugins/jquery-ui-1.12.1/images/ui-icons_777777_256x240.png]
[thememinister.com/crm/assets/plugins/jquery-ui-1.12.1/jquery-ui.min.css]
[thememinister.com/crm/assets/bootstrap/fonts/glyphicons-halflings-regular.eot]
[thememinister.com/crm/assets/bootstrap/fonts/glyphicons-halflings-regulard41d.eot]
[thememinister.com/crm/assets/bootstrap/fonts/glyphicons-halflings-regular.woff2]
[thememinister.com/crm/assets/bootstrap/fonts/glyphicons-halflings-regular.woff]
[thememinister.com/crm/assets/bootstrap/fonts/glyphicons-halflings-regular.ttf]
[thememinister.com/crm/assets/bootstrap/css/bootstrap.min.css]
[thememinister.com/crm/assets/plugins/lobipanel/lobipanel.min.css]
[thememinister.com/crm/assets/plugins/pace/flash.css]
[thememinister.com/crm/assets/font-awesome/fonts/fontawesome-webfont3e6e.eot]
[thememinister.com/crm/assets/font-awesome/fonts/fontawesome-webfontd41d.eot]
[thememinister.com/crm/assets/font-awesome/fonts/fontawesome-webfont3e6e.woff2]
[thememinister.com/crm/assets/font-awesome/fonts/fontawesome-webfont3e6e.woff]
[thememinister.com/crm/assets/font-awesome/fonts/fontawesome-webfont3e6e.ttf]
[thememinister.com/crm/assets/font-awesome/css/font-awesome.min.css]
[thememinister.com/crm/assets/pe-icon-7-stroke/fonts/Pe-icon-7-strokebb1d.eot]
[thememinister.com/crm/assets/pe-icon-7-stroke/fonts/Pe-icon-7-stroked41d.eot]
[thememinister.com/crm/assets/pe-icon-7-stroke/fonts/Pe-icon-7-strokebb1d.woff]
[thememinister.com/crm/assets/pe-icon-7-stroke/fonts/Pe-icon-7-strokebb1d.ttf]
[thememinister.com/crm/assets/pe-icon-7-stroke/css/pe-icon-7-stroke.css]
[thememinister.com/crm/assets/themify-icons/fonts/themify9f24.eot]
[thememinister.com/crm/assets/themify-icons/fonts/themifyd41d.eot]
[thememinister.com/crm/assets/themify-icons/fonts/themify9f24.woff]
[thememinister.com/crm/assets/themify-icons/fonts/themify9f24.ttf]
[thememinister.com/crm/assets/themify-icons/themify-icons.css]
[thememinister.com/crm/assets/plugins/emojionearea/emojionearea.min.css]
[thememinister.com/crm/assets/plugins/monthly/monthly.css]
[thememinister.com/crm/assets/dist/img/boxed-bg.jpg]
[thememinister.com/crm/assets/dist/img/glyphicons-halflings.png]
[thememinister.com/crm/assets/dist/img/preload.gif]
[thememinister.com/crm/assets/dist/img/profile-bg.jpg]
[thememinister.com/crm/assets/dist/css/stylecrm.css]
[thememinister.com/crm/index-2.html]
[thememinister.com/crm/profile.html]
[thememinister.com/crm/login.html]
[thememinister.com/crm/add-customer.html]
[thememinister.com/crm/assets/dist/img/json.png]
[thememinister.com/crm/assets/dist/img/xml.png]
[thememinister.com/crm/assets/dist/img/sql.png]
[thememinister.com/crm/assets/dist/img/csv.png]
[thememinister.com/crm/assets/dist/img/txt.png]
[thememinister.com/crm/assets/dist/img/xls.png]
[thememinister.com/crm/assets/dist/img/word.png]
[thememinister.com/crm/assets/dist/img/ppt.png]
[thememinister.com/crm/assets/dist/img/png.png]
[thememinister.com/crm/assets/dist/img/pdf.png]
[thememinister.com/crm/assets/dist/img/w1.png]
[thememinister.com/crm/assets/dist/img/w2.png]
[thememinister.com/crm/assets/dist/img/w3.png]
[thememinister.com/crm/assets/dist/img/w4.png]
[thememinister.com/crm/assets/plugins/table-export/tableExport.js]
[thememinister.com/crm/assets/plugins/table-export/jquery.base64.js]
[thememinister.com/crm/assets/plugins/table-export/html2canvas.js]
[thememinister.com/crm/assets/plugins/table-export/sprintf.js]
[thememinister.com/crm/assets/plugins/table-export/jspdf.js]
[thememinister.com/crm/assets/plugins/table-export/base64.js]
[thememinister.com/crm/assets/plugins/datatables/dataTables.min.js]
[thememinister.com/crm/clist.html]
[thememinister.com/crm/group.html]
[thememinister.com/crm/deposit.html]
[thememinister.com/crm/expense.html]
[thememinister.com/crm/transfer.html]
[thememinister.com/crm/view-tsaction.html]
[thememinister.com/crm/balance.html]
[thememinister.com/crm/treport.html]
[thememinister.com/crm/invoice.html]
[thememinister.com/crm/ninvoices.html]
[thememinister.com/crm/recurring.html]
[thememinister.com/crm/nrecurring.html]
[thememinister.com/crm/quote.html]
[thememinister.com/crm/nquote.html]
[thememinister.com/crm/payment.html]
[thememinister.com/crm/taxeport.html]
[thememinister.com/crm/rtask.html]
[thememinister.com/crm/atask.html]
[thememinister.com/crm/cpayment.html]
[thememinister.com/crm/emanage.html]
[thememinister.com/crm/ecategory.html]
[thememinister.com/crm/preport.html]
[thememinister.com/crm/creport.html]
[thememinister.com/crm/ereport.html]
[thememinister.com/crm/incomexp.html]
[thememinister.com/crm/thistory.html]
[thememinister.com/crm/timechange.html]
[thememinister.com/crm/atreport.html]
[thememinister.com/crm/jpost.html]
[thememinister.com/crm/japp.html]
[thememinister.com/crm/salary.html]
[thememinister.com/crm/hourly.html]
[thememinister.com/crm/managesal.html]
[thememinister.com/crm/empsallist.html]
[thememinister.com/crm/mpayment.html]
[thememinister.com/crm/generatepay.html]
[thememinister.com/crm/paysum.html]
[thememinister.com/crm/stockcat.html]
[thememinister.com/crm/manstock.html]
[thememinister.com/crm/astock.html]
[thememinister.com/crm/ticanswer.html]
[thememinister.com/crm/ticopen.html]
[thememinister.com/crm/iprocess.html]
[thememinister.com/crm/close.html]
[thememinister.com/crm/allticket.html]
[thememinister.com/crm/ativitylog.html]
[thememinister.com/crm/emailmes.html]
[thememinister.com/crm/systemsts.html]
[thememinister.com/crm/assets/plugins/flot/jquery.flot.min.js]
[thememinister.com/crm/assets/plugins/flot/jquery.flot.pie.min.js]
[thememinister.com/crm/charts_flot.html]
[thememinister.com/crm/charts_Js.html]
[thememinister.com/crm/assets/plugins/morris/raphael.min.js]
[thememinister.com/crm/assets/plugins/morris/morris.min.js]
[thememinister.com/crm/assets/plugins/morris/morris-data.js]
[thememinister.com/crm/charts_morris.html]
[thememinister.com/crm/assets/plugins/sparkline/sparkline.min.js]
[thememinister.com/crm/charts_sparkline.html]
[thememinister.com/crm/icons_bootstrap.html]
[thememinister.com/crm/icons_fontawesome.html]
[thememinister.com/crm/icons_flag.html]
[thememinister.com/crm/icons_material.html]
[thememinister.com/crm/icons_weather.html]
[thememinister.com/crm/icons_line.html]
[thememinister.com/crm/icons_pe.html]
[thememinister.com/crm/icon_socicon.html]
[thememinister.com/crm/register.html]
[thememinister.com/crm/forget_password.html]
[thememinister.com/crm/lockscreen.html]
[thememinister.com/crm/404.html]
[thememinister.com/crm/505.html]
[thememinister.com/crm/blank.html]
[thememinister.com/crm/buttons.html]
[thememinister.com/crm/tabs.html]
[thememinister.com/crm/assets/plugins/NotificationStyles/js/modernizr.custom.js]
[thememinister.com/crm/assets/plugins/NotificationStyles/js/classie.js]
[thememinister.com/crm/assets/plugins/NotificationStyles/js/notificationFx.js]
[thememinister.com/crm/assets/plugins/NotificationStyles/js/snap.svg-min.js]
[thememinister.com/crm/assets/plugins/sweetalert/sweetalert.min.js]
[thememinister.com/crm/notification.html]
[thememinister.com/crm/assets/plugins/tree-view/tree-view.min.js]
[thememinister.com/crm/tree-view.html]
[thememinister.com/crm/progressbars.html]
[thememinister.com/crm/assets/plugins/Nestable/jquery.nestable.js]
[thememinister.com/crm/list.html]
[thememinister.com/crm/typography.html]
[thememinister.com/crm/panels.html]
[thememinister.com/crm/assets/plugins/modals/classie.js]
[thememinister.com/crm/assets/plugins/modals/modalEffects.js]
[thememinister.com/crm/modals.html]
[thememinister.com/crm/assets/plugins/icheck/icheck.min.js]
[thememinister.com/crm/assets/plugins/bootstrap-toggle/bootstrap-toggle.min.js]
[thememinister.com/crm/icheck_toggle_pagination.html]
[thememinister.com/crm/labels-badges-alerts.html]
[thememinister.com/crm/gsetting.html]
[thememinister.com/crm/assets/dist/img/w6.png]
[thememinister.com/crm/assets/dist/img/w7.png]
[thememinister.com/crm/stfsetting.html]
[thememinister.com/crm/emailsetting.html]
[thememinister.com/crm/paysetting.html]
[thememinister.com/crm/assets/dist/img/logo5.png]
[thememinister.com/crm/assets/dist/img/logo6.png]
[thememinister.com/crm/assets/dist/img/logo9.png]
[thememinister.com/crm/assets/dist/img/logo8.png]
[thememinister.com/crm/company.html]
[thememinister.com/crm/holiday.html]
[thememinister.com/crm/assets/dist/img/m1.png]
[thememinister.com/crm/assets/dist/img/m2.png]
[thememinister.com/crm/user.html]
[thememinister.com/crm/assets/dist/img/m4.png]
[thememinister.com/crm/items.html]
[thememinister.com/crm/department.html]
[thememinister.com/crm/document.html]
[thememinister.com/crm/train.html]
[thememinister.com/crm/assets/plugins/fullcalendar/lib/moment.min.js]
[thememinister.com/crm/assets/plugins/fullcalendar/fullcalendar.min.js]
[thememinister.com/crm/calender.html]
[thememinister.com/crm/notice.html]
[thememinister.com/crm/message.html]
[thememinister.com/crm/note.html]
[thememinister.com/crm/assets/bootstrap/fonts/glyphicons-halflings-regular.svg]
[thememinister.com/crm/assets/font-awesome/fonts/fontawesome-webfont3e6e.svg]
[thememinister.com/crm/assets/pe-icon-7-stroke/fonts/Pe-icon-7-strokebb1d.svg]
[thememinister.com/crm/assets/themify-icons/fonts/themify9f24.svg]
[thememinister.com/crm/assets/plugins/datatables/dataTables.min.css]
[thememinister.com/crm/assets/dist/css/bootstrap-datepicker.html]
[thememinister.com/crm/assets/plugins/bootstrap-wysihtml5/bootstrap-wysihtml5.css]
[thememinister.com/crm/assets/plugins/morris/morris.css]
[thememinister.com/crm/assets/flag-icon/css/flag-icon.min.css]
[thememinister.com/crm/assets/weather-icons/font/weathericons-regular-webfont.eot]
[thememinister.com/crm/assets/weather-icons/font/weathericons-regular-webfontd41d.eot]
[thememinister.com/crm/assets/weather-icons/font/weathericons-regular-webfont.woff2]
[thememinister.com/crm/assets/weather-icons/font/weathericons-regular-webfont.woff]
[thememinister.com/crm/assets/weather-icons/font/weathericons-regular-webfont.ttf]
[thememinister.com/crm/assets/weather-icons/css/weather-icons.min.css]
[thememinister.com/crm/assets/weather-icons/css/weather-icons-wind.min.css]
[thememinister.com/crm/assets/socicon/fonts/socicon.eot]
[thememinister.com/crm/assets/socicon/fonts/socicond41d.eot]
[thememinister.com/crm/assets/socicon/fonts/socicon.woff]
[thememinister.com/crm/assets/socicon/fonts/socicon.ttf]
[thememinister.com/crm/assets/socicon/social.css]
[thememinister.com/crm/assets/plugins/bootstrap-social/bootstrap-social.css]
[thememinister.com/crm/assets/plugins/NotificationStyles/fonts/linecons/lineconsba9e.eot]
[thememinister.com/crm/assets/plugins/NotificationStyles/fonts/linecons/lineconsd41d.eot]
[thememinister.com/crm/assets/plugins/NotificationStyles/fonts/linecons/lineconsba9e.woff]
[thememinister.com/crm/assets/plugins/NotificationStyles/fonts/linecons/lineconsba9e.ttf]
[thememinister.com/crm/assets/plugins/NotificationStyles/css/demo.css]
[thememinister.com/crm/assets/plugins/NotificationStyles/css/ns-default.css]
[thememinister.com/crm/assets/plugins/NotificationStyles/css/ns-style-growl.css]
[thememinister.com/crm/assets/plugins/NotificationStyles/css/ns-style-attached.css]
[thememinister.com/crm/assets/plugins/NotificationStyles/css/ns-style-bar.css]
[thememinister.com/crm/assets/plugins/NotificationStyles/css/ns-style-other.css]
[thememinister.com/crm/assets/plugins/sweetalert/sweetalert.css]
[thememinister.com/crm/assets/plugins/toastr/toastr.html]
[thememinister.com/crm/assets/plugins/toastr/toastr.min.html]
[thememinister.com/crm/assets/plugins/modals/component.css]
[thememinister.com/crm/assets/plugins/icheck/skins/all.css]
[thememinister.com/crm/assets/plugins/bootstrap-toggle/bootstrap-toggle.min.css]
[thememinister.com/crm/assets/plugins/fullcalendar/fullcalendar.min.css]
[thememinister.com/crm/assets/plugins/fullcalendar/fullcalendar.print.min.css]
[thememinister.com/crm/assets/plugins/summernote/summernote.js]
[thememinister.com/crm/compose.html]
[thememinister.com/crm/assets/dist/img/Zipper-icon.jpg]
[thememinister.com/crm/mailDetails.html]
[thememinister.com/crm/assets/flag-icon/flags/4x3/ad.svg]
[thememinister.com/crm/assets/flag-icon/flags/1x1/ad.svg]
[thememinister.com/crm/assets/flag-icon/flags/4x3/ae.svg]
[thememinister.com/crm/assets/flag-icon/flags/1x1/ae.svg]
[thememinister.com/crm/assets/flag-icon/flags/4x3/af.svg]
[thememinister.com/crm/assets/flag-icon/flags/1x1/af.svg]
[thememinister.com/crm/assets/flag-icon/flags/4x3/ag.svg]
[thememinister.com/crm/assets/flag-icon/flags/1x1/ag.svg]
[thememinister.com/crm/assets/flag-icon/flags/4x3/ai.svg]
[thememinister.com/crm/assets/flag-icon/flags/1x1/ai.svg]
[thememinister.com/crm/assets/flag-icon/flags/4x3/al.svg]
[thememinister.com/crm/assets/flag-icon/flags/1x1/al.svg]
[thememinister.com/crm/assets/flag-icon/flags/4x3/am.svg]
[thememinister.com/crm/assets/flag-icon/flags/1x1/am.svg]
[thememinister.com/crm/assets/flag-icon/flags/4x3/ao.svg]
[thememinister.com/crm/assets/flag-icon/flags/1x1/ao.svg]
[thememinister.com/crm/assets/flag-icon/flags/4x3/aq.svg]
[thememinister.com/crm/assets/flag-icon/flags/1x1/aq.svg]
[thememinister.com/crm/assets/flag-icon/flags/4x3/ar.svg]
[thememinister.com/crm/assets/flag-icon/flags/1x1/ar.svg]
[thememinister.com/crm/assets/flag-icon/flags/4x3/as.svg]
[thememinister.com/crm/assets/flag-icon/flags/1x1/as.svg]
[thememinister.com/crm/assets/flag-icon/flags/4x3/at.svg]
[thememinister.com/crm/assets/flag-icon/flags/1x1/at.svg]
[thememinister.com/crm/assets/flag-icon/flags/4x3/au.svg]
[thememinister.com/crm/assets/flag-icon/flags/1x1/au.svg]
[thememinister.com/crm/assets/flag-icon/flags/4x3/aw.svg]
[thememinister.com/crm/assets/flag-icon/flags/1x1/aw.svg]
[thememinister.com/crm/assets/flag-icon/flags/4x3/ax.svg]
[thememinister.com/crm/assets/flag-icon/flags/1x1/ax.svg]
[thememinister.com/crm/assets/flag-icon/flags/4x3/az.svg]
[thememinister.com/crm/assets/flag-icon/flags/1x1/az.svg]
[thememinister.com/crm/assets/flag-icon/flags/4x3/ba.svg]
[thememinister.com/crm/assets/flag-icon/flags/1x1/ba.svg]
[thememinister.com/crm/assets/flag-icon/flags/4x3/bb.svg]
[thememinister.com/crm/assets/flag-icon/flags/1x1/bb.svg]
[thememinister.com/crm/assets/flag-icon/flags/4x3/bd.svg]
[thememinister.com/crm/assets/flag-icon/flags/1x1/bd.svg]
[thememinister.com/crm/assets/flag-icon/flags/4x3/be.svg]
[thememinister.com/crm/assets/flag-icon/flags/1x1/be.svg]
[thememinister.com/crm/assets/flag-icon/flags/4x3/bf.svg]
[thememinister.com/crm/assets/flag-icon/flags/1x1/bf.svg]
[thememinister.com/crm/assets/flag-icon/flags/4x3/bg.svg]
[thememinister.com/crm/assets/flag-icon/flags/1x1/bg.svg]
[thememinister.com/crm/assets/flag-icon/flags/4x3/bh.svg]
[thememinister.com/crm/assets/flag-icon/flags/1x1/bh.svg]
[thememinister.com/crm/assets/flag-icon/flags/4x3/bi.svg]
[thememinister.com/crm/assets/flag-icon/flags/1x1/bi.svg]
[thememinister.com/crm/assets/flag-icon/flags/4x3/bj.svg]
[thememinister.com/crm/assets/flag-icon/flags/1x1/bj.svg]
[thememinister.com/crm/assets/flag-icon/flags/4x3/bl.svg]
[thememinister.com/crm/assets/flag-icon/flags/1x1/bl.svg]
[thememinister.com/crm/assets/flag-icon/flags/4x3/bm.svg]
[thememinister.com/crm/assets/flag-icon/flags/1x1/bm.svg]
[thememinister.com/crm/assets/flag-icon/flags/4x3/bn.svg]
[thememinister.com/crm/assets/flag-icon/flags/1x1/bn.svg]
[thememinister.com/crm/assets/flag-icon/flags/4x3/bo.svg]
[thememinister.com/crm/assets/flag-icon/flags/1x1/bo.svg]
[thememinister.com/crm/assets/flag-icon/flags/4x3/bq.svg]
[thememinister.com/crm/assets/flag-icon/flags/1x1/bq.svg]
[thememinister.com/crm/assets/flag-icon/flags/4x3/br.svg]
[thememinister.com/crm/assets/flag-icon/flags/1x1/br.svg]
[thememinister.com/crm/assets/flag-icon/flags/4x3/bs.svg]
[thememinister.com/crm/assets/flag-icon/flags/1x1/bs.svg]
[thememinister.com/crm/assets/flag-icon/flags/4x3/bt.svg]
[thememinister.com/crm/assets/flag-icon/flags/1x1/bt.svg]
[thememinister.com/crm/assets/flag-icon/flags/4x3/bv.svg]
[thememinister.com/crm/assets/flag-icon/flags/1x1/bv.svg]
[thememinister.com/crm/assets/flag-icon/flags/4x3/bw.svg]
[thememinister.com/crm/assets/flag-icon/flags/1x1/bw.svg]
[thememinister.com/crm/assets/flag-icon/flags/4x3/by.svg]
[thememinister.com/crm/assets/flag-icon/flags/1x1/by.svg]
[thememinister.com/crm/assets/flag-icon/flags/4x3/bz.svg]
[thememinister.com/crm/assets/flag-icon/flags/1x1/bz.svg]
[thememinister.com/crm/assets/flag-icon/flags/4x3/ca.svg]
[thememinister.com/crm/assets/flag-icon/flags/1x1/ca.svg]
[thememinister.com/crm/assets/flag-icon/flags/4x3/cc.svg]
[thememinister.com/crm/assets/flag-icon/flags/1x1/cc.svg]
[thememinister.com/crm/assets/flag-icon/flags/4x3/cd.svg]
[thememinister.com/crm/assets/flag-icon/flags/1x1/cd.svg]
[thememinister.com/crm/assets/flag-icon/flags/4x3/cf.svg]
[thememinister.com/crm/assets/flag-icon/flags/1x1/cf.svg]
[thememinister.com/crm/assets/flag-icon/flags/4x3/cg.svg]
[thememinister.com/crm/assets/flag-icon/flags/1x1/cg.svg]
[thememinister.com/crm/assets/flag-icon/flags/4x3/ch.svg]
[thememinister.com/crm/assets/flag-icon/flags/1x1/ch.svg]
[thememinister.com/crm/assets/flag-icon/flags/4x3/ci.svg]
[thememinister.com/crm/assets/flag-icon/flags/1x1/ci.svg]
[thememinister.com/crm/assets/flag-icon/flags/4x3/ck.svg]
[thememinister.com/crm/assets/flag-icon/flags/1x1/ck.svg]
[thememinister.com/crm/assets/flag-icon/flags/4x3/cl.svg]
[thememinister.com/crm/assets/flag-icon/flags/1x1/cl.svg]
[thememinister.com/crm/assets/flag-icon/flags/4x3/cm.svg]
[thememinister.com/crm/assets/flag-icon/flags/1x1/cm.svg]
[thememinister.com/crm/assets/flag-icon/flags/4x3/cn.svg]
[thememinister.com/crm/assets/flag-icon/flags/1x1/cn.svg]
[thememinister.com/crm/assets/flag-icon/flags/4x3/co.svg]
[thememinister.com/crm/assets/flag-icon/flags/1x1/co.svg]
[thememinister.com/crm/assets/flag-icon/flags/4x3/cr.svg]
[thememinister.com/crm/assets/flag-icon/flags/1x1/cr.svg]
[thememinister.com/crm/assets/flag-icon/flags/4x3/cu.svg]
[thememinister.com/crm/assets/flag-icon/flags/1x1/cu.svg]
[thememinister.com/crm/assets/flag-icon/flags/4x3/cv.svg]
[thememinister.com/crm/assets/flag-icon/flags/1x1/cv.svg]
[thememinister.com/crm/assets/flag-icon/flags/4x3/cw.svg]
[thememinister.com/crm/assets/flag-icon/flags/1x1/cw.svg]
[thememinister.com/crm/assets/flag-icon/flags/4x3/cx.svg]
[thememinister.com/crm/assets/flag-icon/flags/1x1/cx.svg]
[thememinister.com/crm/assets/flag-icon/flags/4x3/cy.svg]
[thememinister.com/crm/assets/flag-icon/flags/1x1/cy.svg]
[thememinister.com/crm/assets/flag-icon/flags/4x3/cz.svg]
[thememinister.com/crm/assets/flag-icon/flags/1x1/cz.svg]
[thememinister.com/crm/assets/flag-icon/flags/4x3/de.svg]
[thememinister.com/crm/assets/flag-icon/flags/1x1/de.svg]
[thememinister.com/crm/assets/flag-icon/flags/4x3/dj.svg]
[thememinister.com/crm/assets/flag-icon/flags/1x1/dj.svg]
[thememinister.com/crm/assets/flag-icon/flags/4x3/dk.svg]
[thememinister.com/crm/assets/flag-icon/flags/1x1/dk.svg]
[thememinister.com/crm/assets/flag-icon/flags/4x3/dm.svg]
[thememinister.com/crm/assets/flag-icon/flags/1x1/dm.svg]
[thememinister.com/crm/assets/flag-icon/flags/4x3/do.svg]
[thememinister.com/crm/assets/flag-icon/flags/1x1/do.svg]
[thememinister.com/crm/assets/flag-icon/flags/4x3/dz.svg]
[thememinister.com/crm/assets/flag-icon/flags/1x1/dz.svg]
[thememinister.com/crm/assets/flag-icon/flags/4x3/ec.svg]
[thememinister.com/crm/assets/flag-icon/flags/1x1/ec.svg]
[thememinister.com/crm/assets/flag-icon/flags/4x3/ee.svg]
[thememinister.com/crm/assets/flag-icon/flags/1x1/ee.svg]
[thememinister.com/crm/assets/flag-icon/flags/4x3/eg.svg]
[thememinister.com/crm/assets/flag-icon/flags/1x1/eg.svg]
[thememinister.com/crm/assets/flag-icon/flags/4x3/eh.svg]
[thememinister.com/crm/assets/flag-icon/flags/1x1/eh.svg]
[thememinister.com/crm/assets/flag-icon/flags/4x3/er.svg]
[thememinister.com/crm/assets/flag-icon/flags/1x1/er.svg]
[thememinister.com/crm/assets/flag-icon/flags/4x3/es.svg]
[thememinister.com/crm/assets/flag-icon/flags/1x1/es.svg]
[thememinister.com/crm/assets/flag-icon/flags/4x3/et.svg]
[thememinister.com/crm/assets/flag-icon/flags/1x1/et.svg]
[thememinister.com/crm/assets/flag-icon/flags/4x3/fi.svg]
[thememinister.com/crm/assets/flag-icon/flags/1x1/fi.svg]
[thememinister.com/crm/assets/flag-icon/flags/4x3/fj.svg]
[thememinister.com/crm/assets/flag-icon/flags/1x1/fj.svg]
[thememinister.com/crm/assets/flag-icon/flags/4x3/fk.svg]
[thememinister.com/crm/assets/flag-icon/flags/1x1/fk.svg]
[thememinister.com/crm/assets/flag-icon/flags/4x3/fm.svg]
[thememinister.com/crm/assets/flag-icon/flags/1x1/fm.svg]
[thememinister.com/crm/assets/flag-icon/flags/4x3/fo.svg]
[thememinister.com/crm/assets/flag-icon/flags/1x1/fo.svg]
[thememinister.com/crm/assets/flag-icon/flags/4x3/fr.svg]
[thememinister.com/crm/assets/flag-icon/flags/1x1/fr.svg]
[thememinister.com/crm/assets/flag-icon/flags/4x3/ga.svg]
[thememinister.com/crm/assets/flag-icon/flags/1x1/ga.svg]
[thememinister.com/crm/assets/flag-icon/flags/4x3/gb.svg]
[thememinister.com/crm/assets/flag-icon/flags/1x1/gb.svg]
[thememinister.com/crm/assets/flag-icon/flags/4x3/gd.svg]
[thememinister.com/crm/assets/flag-icon/flags/1x1/gd.svg]
[thememinister.com/crm/assets/flag-icon/flags/4x3/ge.svg]
[thememinister.com/crm/assets/flag-icon/flags/1x1/ge.svg]
[thememinister.com/crm/assets/flag-icon/flags/4x3/gf.svg]
[thememinister.com/crm/assets/flag-icon/flags/1x1/gf.svg]
[thememinister.com/crm/assets/flag-icon/flags/4x3/gg.svg]
[thememinister.com/crm/assets/flag-icon/flags/1x1/gg.svg]
[thememinister.com/crm/assets/flag-icon/flags/4x3/gh.svg]
[thememinister.com/crm/assets/flag-icon/flags/1x1/gh.svg]
[thememinister.com/crm/assets/flag-icon/flags/4x3/gi.svg]
[thememinister.com/crm/assets/flag-icon/flags/1x1/gi.svg]
[thememinister.com/crm/assets/flag-icon/flags/4x3/gl.svg]
[thememinister.com/crm/assets/flag-icon/flags/1x1/gl.svg]
[thememinister.com/crm/assets/flag-icon/flags/4x3/gm.svg]
[thememinister.com/crm/assets/flag-icon/flags/1x1/gm.svg]
[thememinister.com/crm/assets/flag-icon/flags/4x3/gn.svg]
[thememinister.com/crm/assets/flag-icon/flags/1x1/gn.svg]
[thememinister.com/crm/assets/flag-icon/flags/4x3/gp.svg]
[thememinister.com/crm/assets/flag-icon/flags/1x1/gp.svg]
[thememinister.com/crm/assets/flag-icon/flags/4x3/gq.svg]
[thememinister.com/crm/assets/flag-icon/flags/1x1/gq.svg]
[thememinister.com/crm/assets/flag-icon/flags/4x3/gr.svg]
[thememinister.com/crm/assets/flag-icon/flags/1x1/gr.svg]
[thememinister.com/crm/assets/flag-icon/flags/4x3/gs.svg]
[thememinister.com/crm/assets/flag-icon/flags/1x1/gs.svg]
[thememinister.com/crm/assets/flag-icon/flags/4x3/gt.svg]
[thememinister.com/crm/assets/flag-icon/flags/1x1/gt.svg]
[thememinister.com/crm/assets/flag-icon/flags/4x3/gu.svg]
[thememinister.com/crm/assets/flag-icon/flags/1x1/gu.svg]
[thememinister.com/crm/assets/flag-icon/flags/4x3/gw.svg]
[thememinister.com/crm/assets/flag-icon/flags/1x1/gw.svg]
[thememinister.com/crm/assets/flag-icon/flags/4x3/gy.svg]
[thememinister.com/crm/assets/flag-icon/flags/1x1/gy.svg]
[thememinister.com/crm/assets/flag-icon/flags/4x3/hk.svg]
[thememinister.com/crm/assets/flag-icon/flags/1x1/hk.svg]
[thememinister.com/crm/assets/flag-icon/flags/4x3/hm.svg]
[thememinister.com/crm/assets/flag-icon/flags/1x1/hm.svg]
[thememinister.com/crm/assets/flag-icon/flags/4x3/hn.svg]
[thememinister.com/crm/assets/flag-icon/flags/1x1/hn.svg]
[thememinister.com/crm/assets/flag-icon/flags/4x3/hr.svg]
[thememinister.com/crm/assets/flag-icon/flags/1x1/hr.svg]
[thememinister.com/crm/assets/flag-icon/flags/4x3/ht.svg]
[thememinister.com/crm/assets/flag-icon/flags/1x1/ht.svg]
[thememinister.com/crm/assets/flag-icon/flags/4x3/hu.svg]
[thememinister.com/crm/assets/flag-icon/flags/1x1/hu.svg]
[thememinister.com/crm/assets/flag-icon/flags/4x3/id.svg]
[thememinister.com/crm/assets/flag-icon/flags/1x1/id.svg]
[thememinister.com/crm/assets/flag-icon/flags/4x3/ie.svg]
[thememinister.com/crm/assets/flag-icon/flags/1x1/ie.svg]
[thememinister.com/crm/assets/flag-icon/flags/4x3/il.svg]
[thememinister.com/crm/assets/flag-icon/flags/1x1/il.svg]
[thememinister.com/crm/assets/flag-icon/flags/4x3/im.svg]
[thememinister.com/crm/assets/flag-icon/flags/1x1/im.svg]
[thememinister.com/crm/assets/flag-icon/flags/4x3/in.svg]
[thememinister.com/crm/assets/flag-icon/flags/1x1/in.svg]
[thememinister.com/crm/assets/flag-icon/flags/4x3/io.svg]
[thememinister.com/crm/assets/flag-icon/flags/1x1/io.svg]
[thememinister.com/crm/assets/flag-icon/flags/4x3/iq.svg]
[thememinister.com/crm/assets/flag-icon/flags/1x1/iq.svg]
[thememinister.com/crm/assets/flag-icon/flags/4x3/ir.svg]
[thememinister.com/crm/assets/flag-icon/flags/1x1/ir.svg]
[thememinister.com/crm/assets/flag-icon/flags/4x3/is.svg]
[thememinister.com/crm/assets/flag-icon/flags/1x1/is.svg]
[thememinister.com/crm/assets/flag-icon/flags/4x3/it.svg]
[thememinister.com/crm/assets/flag-icon/flags/1x1/it.svg]
[thememinister.com/crm/assets/flag-icon/flags/4x3/je.svg]
[thememinister.com/crm/assets/flag-icon/flags/1x1/je.svg]
[thememinister.com/crm/assets/flag-icon/flags/4x3/jm.svg]
[thememinister.com/crm/assets/flag-icon/flags/1x1/jm.svg]
[thememinister.com/crm/assets/flag-icon/flags/4x3/jo.svg]
[thememinister.com/crm/assets/flag-icon/flags/1x1/jo.svg]
[thememinister.com/crm/assets/flag-icon/flags/4x3/jp.svg]
[thememinister.com/crm/assets/flag-icon/flags/1x1/jp.svg]
[thememinister.com/crm/assets/flag-icon/flags/4x3/ke.svg]
[thememinister.com/crm/assets/flag-icon/flags/1x1/ke.svg]
[thememinister.com/crm/assets/flag-icon/flags/4x3/kg.svg]
[thememinister.com/crm/assets/flag-icon/flags/1x1/kg.svg]
[thememinister.com/crm/assets/flag-icon/flags/4x3/kh.svg]
[thememinister.com/crm/assets/flag-icon/flags/1x1/kh.svg]
[thememinister.com/crm/assets/flag-icon/flags/4x3/ki.svg]
[thememinister.com/crm/assets/flag-icon/flags/1x1/ki.svg]
[thememinister.com/crm/assets/flag-icon/flags/4x3/km.svg]
[thememinister.com/crm/assets/flag-icon/flags/1x1/km.svg]
[thememinister.com/crm/assets/flag-icon/flags/4x3/kn.svg]
[thememinister.com/crm/assets/flag-icon/flags/1x1/kn.svg]
[thememinister.com/crm/assets/flag-icon/flags/4x3/kp.svg]
[thememinister.com/crm/assets/flag-icon/flags/1x1/kp.svg]
[thememinister.com/crm/assets/flag-icon/flags/4x3/kr.svg]
[thememinister.com/crm/assets/flag-icon/flags/1x1/kr.svg]
[thememinister.com/crm/assets/flag-icon/flags/4x3/kw.svg]
[thememinister.com/crm/assets/flag-icon/flags/1x1/kw.svg]
[thememinister.com/crm/assets/flag-icon/flags/4x3/ky.svg]
[thememinister.com/crm/assets/flag-icon/flags/1x1/ky.svg]
[thememinister.com/crm/assets/flag-icon/flags/4x3/kz.svg]
[thememinister.com/crm/assets/flag-icon/flags/1x1/kz.svg]
[thememinister.com/crm/assets/flag-icon/flags/4x3/la.svg]
[thememinister.com/crm/assets/flag-icon/flags/1x1/la.svg]
[thememinister.com/crm/assets/flag-icon/flags/4x3/lb.svg]
[thememinister.com/crm/assets/flag-icon/flags/1x1/lb.svg]
[thememinister.com/crm/assets/flag-icon/flags/4x3/lc.svg]
[thememinister.com/crm/assets/flag-icon/flags/1x1/lc.svg]
[thememinister.com/crm/assets/flag-icon/flags/4x3/li.svg]
[thememinister.com/crm/assets/flag-icon/flags/1x1/li.svg]
[thememinister.com/crm/assets/flag-icon/flags/4x3/lk.svg]
[thememinister.com/crm/assets/flag-icon/flags/1x1/lk.svg]
[thememinister.com/crm/assets/flag-icon/flags/4x3/lr.svg]
[thememinister.com/crm/assets/flag-icon/flags/1x1/lr.svg]
[thememinister.com/crm/assets/flag-icon/flags/4x3/ls.svg]
[thememinister.com/crm/assets/flag-icon/flags/1x1/ls.svg]
[thememinister.com/crm/assets/flag-icon/flags/4x3/lt.svg]
[thememinister.com/crm/assets/flag-icon/flags/1x1/lt.svg]
[thememinister.com/crm/assets/flag-icon/flags/4x3/lu.svg]
[thememinister.com/crm/assets/flag-icon/flags/1x1/lu.svg]
[thememinister.com/crm/assets/flag-icon/flags/4x3/lv.svg]
[thememinister.com/crm/assets/flag-icon/flags/1x1/lv.svg]
[thememinister.com/crm/assets/flag-icon/flags/4x3/ly.svg]
[thememinister.com/crm/assets/flag-icon/flags/1x1/ly.svg]
[thememinister.com/crm/assets/flag-icon/flags/4x3/ma.svg]
[thememinister.com/crm/assets/flag-icon/flags/1x1/ma.svg]
[thememinister.com/crm/assets/flag-icon/flags/4x3/mc.svg]
[thememinister.com/crm/assets/flag-icon/flags/1x1/mc.svg]
[thememinister.com/crm/assets/flag-icon/flags/4x3/md.svg]
[thememinister.com/crm/assets/flag-icon/flags/1x1/md.svg]
[thememinister.com/crm/assets/flag-icon/flags/4x3/me.svg]
[thememinister.com/crm/assets/flag-icon/flags/1x1/me.svg]
[thememinister.com/crm/assets/flag-icon/flags/4x3/mf.svg]
[thememinister.com/crm/assets/flag-icon/flags/1x1/mf.svg]
[thememinister.com/crm/assets/flag-icon/flags/4x3/mg.svg]
[thememinister.com/crm/assets/flag-icon/flags/1x1/mg.svg]
[thememinister.com/crm/assets/flag-icon/flags/4x3/mh.svg]
[thememinister.com/crm/assets/flag-icon/flags/1x1/mh.svg]
[thememinister.com/crm/assets/flag-icon/flags/4x3/mk.svg]
[thememinister.com/crm/assets/flag-icon/flags/1x1/mk.svg]
[thememinister.com/crm/assets/flag-icon/flags/4x3/ml.svg]
[thememinister.com/crm/assets/flag-icon/flags/1x1/ml.svg]
[thememinister.com/crm/assets/flag-icon/flags/4x3/mm.svg]
[thememinister.com/crm/assets/flag-icon/flags/1x1/mm.svg]
[thememinister.com/crm/assets/flag-icon/flags/4x3/mn.svg]
[thememinister.com/crm/assets/flag-icon/flags/1x1/mn.svg]
[thememinister.com/crm/assets/flag-icon/flags/4x3/mo.svg]
[thememinister.com/crm/assets/flag-icon/flags/1x1/mo.svg]
[thememinister.com/crm/assets/flag-icon/flags/4x3/mp.svg]
[thememinister.com/crm/assets/flag-icon/flags/1x1/mp.svg]
[thememinister.com/crm/assets/flag-icon/flags/4x3/mq.svg]
[thememinister.com/crm/assets/flag-icon/flags/1x1/mq.svg]
[thememinister.com/crm/assets/flag-icon/flags/4x3/mr.svg]
[thememinister.com/crm/assets/flag-icon/flags/1x1/mr.svg]
[thememinister.com/crm/assets/flag-icon/flags/4x3/ms.svg]
[thememinister.com/crm/assets/flag-icon/flags/1x1/ms.svg]
[thememinister.com/crm/assets/flag-icon/flags/4x3/mt.svg]
[thememinister.com/crm/assets/flag-icon/flags/1x1/mt.svg]
[thememinister.com/crm/assets/flag-icon/flags/4x3/mu.svg]
[thememinister.com/crm/assets/flag-icon/flags/1x1/mu.svg]
[thememinister.com/crm/assets/flag-icon/flags/4x3/mv.svg]
[thememinister.com/crm/assets/flag-icon/flags/1x1/mv.svg]
[thememinister.com/crm/assets/flag-icon/flags/4x3/mw.svg]
[thememinister.com/crm/assets/flag-icon/flags/1x1/mw.svg]
[thememinister.com/crm/assets/flag-icon/flags/4x3/mx.svg]
[thememinister.com/crm/assets/flag-icon/flags/1x1/mx.svg]
[thememinister.com/crm/assets/flag-icon/flags/4x3/my.svg]
[thememinister.com/crm/assets/flag-icon/flags/1x1/my.svg]
[thememinister.com/crm/assets/flag-icon/flags/4x3/mz.svg]
[thememinister.com/crm/assets/flag-icon/flags/1x1/mz.svg]
[thememinister.com/crm/assets/flag-icon/flags/4x3/na.svg]
[thememinister.com/crm/assets/flag-icon/flags/1x1/na.svg]
[thememinister.com/crm/assets/flag-icon/flags/4x3/nc.svg]
[thememinister.com/crm/assets/flag-icon/flags/1x1/nc.svg]
[thememinister.com/crm/assets/flag-icon/flags/4x3/ne.svg]
[thememinister.com/crm/assets/flag-icon/flags/1x1/ne.svg]
[thememinister.com/crm/assets/flag-icon/flags/4x3/nf.svg]
[thememinister.com/crm/assets/flag-icon/flags/1x1/nf.svg]
[thememinister.com/crm/assets/flag-icon/flags/4x3/ng.svg]
[thememinister.com/crm/assets/flag-icon/flags/1x1/ng.svg]
[thememinister.com/crm/assets/flag-icon/flags/4x3/ni.svg]
[thememinister.com/crm/assets/flag-icon/flags/1x1/ni.svg]
[thememinister.com/crm/assets/flag-icon/flags/4x3/nl.svg]
[thememinister.com/crm/assets/flag-icon/flags/1x1/nl.svg]
[thememinister.com/crm/assets/flag-icon/flags/4x3/no.svg]
[thememinister.com/crm/assets/flag-icon/flags/1x1/no.svg]
[thememinister.com/crm/assets/flag-icon/flags/4x3/np.svg]
[thememinister.com/crm/assets/flag-icon/flags/1x1/np.svg]
[thememinister.com/crm/assets/flag-icon/flags/4x3/nr.svg]
[thememinister.com/crm/assets/flag-icon/flags/1x1/nr.svg]
[thememinister.com/crm/assets/flag-icon/flags/4x3/nu.svg]
[thememinister.com/crm/assets/flag-icon/flags/1x1/nu.svg]
[thememinister.com/crm/assets/flag-icon/flags/4x3/nz.svg]
[thememinister.com/crm/assets/flag-icon/flags/1x1/nz.svg]
[thememinister.com/crm/assets/flag-icon/flags/4x3/om.svg]
[thememinister.com/crm/assets/flag-icon/flags/1x1/om.svg]
[thememinister.com/crm/assets/flag-icon/flags/4x3/pa.svg]
[thememinister.com/crm/assets/flag-icon/flags/1x1/pa.svg]
[thememinister.com/crm/assets/flag-icon/flags/4x3/pe.svg]
[thememinister.com/crm/assets/flag-icon/flags/1x1/pe.svg]
[thememinister.com/crm/assets/flag-icon/flags/4x3/pf.svg]
[thememinister.com/crm/assets/flag-icon/flags/1x1/pf.svg]
[thememinister.com/crm/assets/flag-icon/flags/4x3/pg.svg]
[thememinister.com/crm/assets/flag-icon/flags/1x1/pg.svg]
[thememinister.com/crm/assets/flag-icon/flags/4x3/ph.svg]
[thememinister.com/crm/assets/flag-icon/flags/1x1/ph.svg]
[thememinister.com/crm/assets/flag-icon/flags/4x3/pk.svg]
[thememinister.com/crm/assets/flag-icon/flags/1x1/pk.svg]
[thememinister.com/crm/assets/flag-icon/flags/4x3/pl.svg]
[thememinister.com/crm/assets/flag-icon/flags/1x1/pl.svg]
[thememinister.com/crm/assets/flag-icon/flags/4x3/pm.svg]
[thememinister.com/crm/assets/flag-icon/flags/1x1/pm.svg]
[thememinister.com/crm/assets/flag-icon/flags/4x3/pn.svg]
[thememinister.com/crm/assets/flag-icon/flags/1x1/pn.svg]
[thememinister.com/crm/assets/flag-icon/flags/4x3/pr.svg]
[thememinister.com/crm/assets/flag-icon/flags/1x1/pr.svg]
[thememinister.com/crm/assets/flag-icon/flags/4x3/ps.svg]
[thememinister.com/crm/assets/flag-icon/flags/1x1/ps.svg]
[thememinister.com/crm/assets/flag-icon/flags/4x3/pt.svg]
[thememinister.com/crm/assets/flag-icon/flags/1x1/pt.svg]
[thememinister.com/crm/assets/flag-icon/flags/4x3/pw.svg]
[thememinister.com/crm/assets/flag-icon/flags/1x1/pw.svg]
[thememinister.com/crm/assets/flag-icon/flags/4x3/py.svg]
[thememinister.com/crm/assets/flag-icon/flags/1x1/py.svg]
[thememinister.com/crm/assets/flag-icon/flags/4x3/qa.svg]
[thememinister.com/crm/assets/flag-icon/flags/1x1/qa.svg]
[thememinister.com/crm/assets/flag-icon/flags/4x3/re.svg]
[thememinister.com/crm/assets/flag-icon/flags/1x1/re.svg]
[thememinister.com/crm/assets/flag-icon/flags/4x3/ro.svg]
[thememinister.com/crm/assets/flag-icon/flags/1x1/ro.svg]
[thememinister.com/crm/assets/flag-icon/flags/4x3/rs.svg]
[thememinister.com/crm/assets/flag-icon/flags/1x1/rs.svg]
[thememinister.com/crm/assets/flag-icon/flags/4x3/ru.svg]
[thememinister.com/crm/assets/flag-icon/flags/1x1/ru.svg]
[thememinister.com/crm/assets/flag-icon/flags/4x3/rw.svg]
[thememinister.com/crm/assets/flag-icon/flags/1x1/rw.svg]
[thememinister.com/crm/assets/flag-icon/flags/4x3/sa.svg]
[thememinister.com/crm/assets/flag-icon/flags/1x1/sa.svg]
[thememinister.com/crm/assets/flag-icon/flags/4x3/sb.svg]
[thememinister.com/crm/assets/flag-icon/flags/1x1/sb.svg]
[thememinister.com/crm/assets/flag-icon/flags/4x3/sc.svg]
[thememinister.com/crm/assets/flag-icon/flags/1x1/sc.svg]
[thememinister.com/crm/assets/flag-icon/flags/4x3/sd.svg]
[thememinister.com/crm/assets/flag-icon/flags/1x1/sd.svg]
[thememinister.com/crm/assets/flag-icon/flags/4x3/se.svg]
[thememinister.com/crm/assets/flag-icon/flags/1x1/se.svg]
[thememinister.com/crm/assets/flag-icon/flags/4x3/sg.svg]
[thememinister.com/crm/assets/flag-icon/flags/1x1/sg.svg]
[thememinister.com/crm/assets/flag-icon/flags/4x3/sh.svg]
[thememinister.com/crm/assets/flag-icon/flags/1x1/sh.svg]
[thememinister.com/crm/assets/flag-icon/flags/4x3/si.svg]
[thememinister.com/crm/assets/flag-icon/flags/1x1/si.svg]
[thememinister.com/crm/assets/flag-icon/flags/4x3/sj.svg]
[thememinister.com/crm/assets/flag-icon/flags/1x1/sj.svg]
[thememinister.com/crm/assets/flag-icon/flags/4x3/sk.svg]
[thememinister.com/crm/assets/flag-icon/flags/1x1/sk.svg]
[thememinister.com/crm/assets/flag-icon/flags/4x3/sl.svg]
[thememinister.com/crm/assets/flag-icon/flags/1x1/sl.svg]
[thememinister.com/crm/assets/flag-icon/flags/4x3/sm.svg]
[thememinister.com/crm/assets/flag-icon/flags/1x1/sm.svg]
[thememinister.com/crm/assets/flag-icon/flags/4x3/sn.svg]
[thememinister.com/crm/assets/flag-icon/flags/1x1/sn.svg]
[thememinister.com/crm/assets/flag-icon/flags/4x3/so.svg]
[thememinister.com/crm/assets/flag-icon/flags/1x1/so.svg]
[thememinister.com/crm/assets/flag-icon/flags/4x3/sr.svg]
[thememinister.com/crm/assets/flag-icon/flags/1x1/sr.svg]
[thememinister.com/crm/assets/flag-icon/flags/4x3/ss.svg]
[thememinister.com/crm/assets/flag-icon/flags/1x1/ss.svg]
[thememinister.com/crm/assets/flag-icon/flags/4x3/st.svg]
[thememinister.com/crm/assets/flag-icon/flags/1x1/st.svg]
[thememinister.com/crm/assets/flag-icon/flags/4x3/sv.svg]
[thememinister.com/crm/assets/flag-icon/flags/1x1/sv.svg]
[thememinister.com/crm/assets/flag-icon/flags/4x3/sx.svg]
[thememinister.com/crm/assets/flag-icon/flags/1x1/sx.svg]
[thememinister.com/crm/assets/flag-icon/flags/4x3/sy.svg]
[thememinister.com/crm/assets/flag-icon/flags/1x1/sy.svg]
[thememinister.com/crm/assets/flag-icon/flags/4x3/sz.svg]
[thememinister.com/crm/assets/flag-icon/flags/1x1/sz.svg]
[thememinister.com/crm/assets/flag-icon/flags/4x3/tc.svg]
[thememinister.com/crm/assets/flag-icon/flags/1x1/tc.svg]
[thememinister.com/crm/assets/flag-icon/flags/4x3/td.svg]
[thememinister.com/crm/assets/flag-icon/flags/1x1/td.svg]
[thememinister.com/crm/assets/flag-icon/flags/4x3/tf.svg]
[thememinister.com/crm/assets/flag-icon/flags/1x1/tf.svg]
[thememinister.com/crm/assets/flag-icon/flags/4x3/tg.svg]
[thememinister.com/crm/assets/flag-icon/flags/1x1/tg.svg]
[thememinister.com/crm/assets/flag-icon/flags/4x3/th.svg]
[thememinister.com/crm/assets/flag-icon/flags/1x1/th.svg]
[thememinister.com/crm/assets/flag-icon/flags/4x3/tj.svg]
[thememinister.com/crm/assets/flag-icon/flags/1x1/tj.svg]
[thememinister.com/crm/assets/flag-icon/flags/4x3/tk.svg]
[thememinister.com/crm/assets/flag-icon/flags/1x1/tk.svg]
[thememinister.com/crm/assets/flag-icon/flags/4x3/tl.svg]
[thememinister.com/crm/assets/flag-icon/flags/1x1/tl.svg]
[thememinister.com/crm/assets/flag-icon/flags/4x3/tm.svg]
[thememinister.com/crm/assets/flag-icon/flags/1x1/tm.svg]
[thememinister.com/crm/assets/flag-icon/flags/4x3/tn.svg]
[thememinister.com/crm/assets/flag-icon/flags/1x1/tn.svg]
[thememinister.com/crm/assets/flag-icon/flags/4x3/to.svg]
[thememinister.com/crm/assets/flag-icon/flags/1x1/to.svg]
[thememinister.com/crm/assets/flag-icon/flags/4x3/tr.svg]
[thememinister.com/crm/assets/flag-icon/flags/1x1/tr.svg]
[thememinister.com/crm/assets/flag-icon/flags/4x3/tt.svg]
[thememinister.com/crm/assets/flag-icon/flags/1x1/tt.svg]
[thememinister.com/crm/assets/flag-icon/flags/4x3/tv.svg]
[thememinister.com/crm/assets/flag-icon/flags/1x1/tv.svg]
[thememinister.com/crm/assets/flag-icon/flags/4x3/tw.svg]
[thememinister.com/crm/assets/flag-icon/flags/1x1/tw.svg]
[thememinister.com/crm/assets/flag-icon/flags/4x3/tz.svg]
[thememinister.com/crm/assets/flag-icon/flags/1x1/tz.svg]
[thememinister.com/crm/assets/flag-icon/flags/4x3/ua.svg]
[thememinister.com/crm/assets/flag-icon/flags/1x1/ua.svg]
[thememinister.com/crm/assets/flag-icon/flags/4x3/ug.svg]
[thememinister.com/crm/assets/flag-icon/flags/1x1/ug.svg]
[thememinister.com/crm/assets/flag-icon/flags/4x3/um.svg]
[thememinister.com/crm/assets/flag-icon/flags/1x1/um.svg]
[thememinister.com/crm/assets/flag-icon/flags/4x3/us.svg]
[thememinister.com/crm/assets/flag-icon/flags/1x1/us.svg]
[thememinister.com/crm/assets/flag-icon/flags/4x3/uy.svg]
[thememinister.com/crm/assets/flag-icon/flags/1x1/uy.svg]
[thememinister.com/crm/assets/flag-icon/flags/4x3/uz.svg]
[thememinister.com/crm/assets/flag-icon/flags/1x1/uz.svg]
[thememinister.com/crm/assets/flag-icon/flags/4x3/va.svg]
[thememinister.com/crm/assets/flag-icon/flags/1x1/va.svg]
[thememinister.com/crm/assets/flag-icon/flags/4x3/vc.svg]
[thememinister.com/crm/assets/flag-icon/flags/1x1/vc.svg]
[thememinister.com/crm/assets/flag-icon/flags/4x3/ve.svg]
[thememinister.com/crm/assets/flag-icon/flags/1x1/ve.svg]
[thememinister.com/crm/assets/flag-icon/flags/4x3/vg.svg]
[thememinister.com/crm/assets/flag-icon/flags/1x1/vg.svg]
[thememinister.com/crm/assets/flag-icon/flags/4x3/vi.svg]
[thememinister.com/crm/assets/flag-icon/flags/1x1/vi.svg]
[thememinister.com/crm/assets/flag-icon/flags/4x3/vn.svg]
[thememinister.com/crm/assets/flag-icon/flags/1x1/vn.svg]
[thememinister.com/crm/assets/flag-icon/flags/4x3/vu.svg]
[thememinister.com/crm/assets/flag-icon/flags/1x1/vu.svg]
[thememinister.com/crm/assets/flag-icon/flags/4x3/wf.svg]
[thememinister.com/crm/assets/flag-icon/flags/1x1/wf.svg]
[thememinister.com/crm/assets/flag-icon/flags/4x3/ws.svg]
[thememinister.com/crm/assets/flag-icon/flags/1x1/ws.svg]
[thememinister.com/crm/assets/flag-icon/flags/4x3/ye.svg]
[thememinister.com/crm/assets/flag-icon/flags/1x1/ye.svg]
[thememinister.com/crm/assets/flag-icon/flags/4x3/yt.svg]
[thememinister.com/crm/assets/flag-icon/flags/1x1/yt.svg]
[thememinister.com/crm/assets/flag-icon/flags/4x3/za.svg]
[thememinister.com/crm/assets/flag-icon/flags/1x1/za.svg]
[thememinister.com/crm/assets/flag-icon/flags/4x3/zm.svg]
[thememinister.com/crm/assets/flag-icon/flags/1x1/zm.svg]
[thememinister.com/crm/assets/flag-icon/flags/4x3/zw.svg]
[thememinister.com/crm/assets/flag-icon/flags/1x1/zw.svg]
[thememinister.com/crm/assets/flag-icon/flags/4x3/eu.svg]
[thememinister.com/crm/assets/flag-icon/flags/1x1/eu.svg]
[thememinister.com/crm/assets/flag-icon/flags/4x3/gb-eng.svg]
[thememinister.com/crm/assets/flag-icon/flags/1x1/gb-eng.svg]
[thememinister.com/crm/assets/flag-icon/flags/4x3/gb-nir.svg]
[thememinister.com/crm/assets/flag-icon/flags/1x1/gb-nir.svg]
[thememinister.com/crm/assets/flag-icon/flags/4x3/gb-sct.svg]
[thememinister.com/crm/assets/flag-icon/flags/1x1/gb-sct.svg]
[thememinister.com/crm/assets/flag-icon/flags/4x3/gb-wls.svg]
[thememinister.com/crm/assets/flag-icon/flags/1x1/gb-wls.svg]
[thememinister.com/crm/assets/flag-icon/flags/4x3/un.svg]
[thememinister.com/crm/assets/flag-icon/flags/1x1/un.svg]
[thememinister.com/crm/assets/weather-icons/font/weathericons-regular-webfont.svg]
[thememinister.com/crm/assets/socicon/fonts/socicon.svg]
[thememinister.com/crm/assets/plugins/NotificationStyles/fonts/codropsicons/codropsicons.html]
[thememinister.com/crm/assets/plugins/NotificationStyles/fonts/codropsicons/codropsiconsd41d.html]
[thememinister.com/crm/assets/plugins/NotificationStyles/fonts/codropsicons/codropsicons-2.html]
[thememinister.com/crm/assets/plugins/NotificationStyles/fonts/codropsicons/codropsicons-3.html]
[thememinister.com/crm/assets/plugins/NotificationStyles/fonts/codropsicons/codropsicons-4.html]
[thememinister.com/crm/assets/plugins/NotificationStyles/fonts/linecons/lineconsba9e.svg]
[thememinister.com/crm/assets/plugins/icheck/skins/minimal/minimal.png]
[thememinister.com/crm/assets/plugins/icheck/skins/minimal/minimal@2x.png]
[thememinister.com/crm/assets/plugins/icheck/skins/minimal/red.png]
[thememinister.com/crm/assets/plugins/icheck/skins/minimal/red@2x.png]
[thememinister.com/crm/assets/plugins/icheck/skins/minimal/green.png]
[thememinister.com/crm/assets/plugins/icheck/skins/minimal/green@2x.png]
[thememinister.com/crm/assets/plugins/icheck/skins/minimal/blue.png]
[thememinister.com/crm/assets/plugins/icheck/skins/minimal/blue@2x.png]
[thememinister.com/crm/assets/plugins/icheck/skins/minimal/aero.png]
[thememinister.com/crm/assets/plugins/icheck/skins/minimal/aero@2x.png]
[thememinister.com/crm/assets/plugins/icheck/skins/minimal/grey.png]
[thememinister.com/crm/assets/plugins/icheck/skins/minimal/grey@2x.png]
[thememinister.com/crm/assets/plugins/icheck/skins/minimal/orange.png]
[thememinister.com/crm/assets/plugins/icheck/skins/minimal/orange@2x.png]
[thememinister.com/crm/assets/plugins/icheck/skins/minimal/yellow.png]
[thememinister.com/crm/assets/plugins/icheck/skins/minimal/yellow@2x.png]
[thememinister.com/crm/assets/plugins/icheck/skins/minimal/pink.png]
[thememinister.com/crm/assets/plugins/icheck/skins/minimal/pink@2x.png]
[thememinister.com/crm/assets/plugins/icheck/skins/minimal/purple.png]
[thememinister.com/crm/assets/plugins/icheck/skins/minimal/purple@2x.png]
[thememinister.com/crm/assets/plugins/icheck/skins/minimal/_all.css]
[thememinister.com/crm/assets/plugins/icheck/skins/square/square.png]
[thememinister.com/crm/assets/plugins/icheck/skins/square/square@2x.png]
[thememinister.com/crm/assets/plugins/icheck/skins/square/red.png]
[thememinister.com/crm/assets/plugins/icheck/skins/square/red@2x.png]
[thememinister.com/crm/assets/plugins/icheck/skins/square/green.png]
[thememinister.com/crm/assets/plugins/icheck/skins/square/green@2x.png]
[thememinister.com/crm/assets/plugins/icheck/skins/square/blue.png]
[thememinister.com/crm/assets/plugins/icheck/skins/square/blue@2x.png]
[thememinister.com/crm/assets/plugins/icheck/skins/square/aero.png]
[thememinister.com/crm/assets/plugins/icheck/skins/square/aero@2x.png]
[thememinister.com/crm/assets/plugins/icheck/skins/square/grey.png]
[thememinister.com/crm/assets/plugins/icheck/skins/square/grey@2x.png]
[thememinister.com/crm/assets/plugins/icheck/skins/square/orange.png]
[thememinister.com/crm/assets/plugins/icheck/skins/square/orange@2x.png]
[thememinister.com/crm/assets/plugins/icheck/skins/square/yellow.png]
[thememinister.com/crm/assets/plugins/icheck/skins/square/yellow@2x.png]
[thememinister.com/crm/assets/plugins/icheck/skins/square/pink.png]
[thememinister.com/crm/assets/plugins/icheck/skins/square/pink@2x.png]
[thememinister.com/crm/assets/plugins/icheck/skins/square/purple.png]
[thememinister.com/crm/assets/plugins/icheck/skins/square/purple@2x.png]
[thememinister.com/crm/assets/plugins/icheck/skins/square/_all.css]
[thememinister.com/crm/assets/plugins/icheck/skins/flat/flat.png]
[thememinister.com/crm/assets/plugins/icheck/skins/flat/flat@2x.png]
[thememinister.com/crm/assets/plugins/icheck/skins/flat/red.png]
[thememinister.com/crm/assets/plugins/icheck/skins/flat/red@2x.png]
[thememinister.com/crm/assets/plugins/icheck/skins/flat/green.png]
[thememinister.com/crm/assets/plugins/icheck/skins/flat/green@2x.png]
[thememinister.com/crm/assets/plugins/icheck/skins/flat/blue.png]
[thememinister.com/crm/assets/plugins/icheck/skins/flat/blue@2x.png]
[thememinister.com/crm/assets/plugins/icheck/skins/flat/aero.png]
[thememinister.com/crm/assets/plugins/icheck/skins/flat/aero@2x.png]
[thememinister.com/crm/assets/plugins/icheck/skins/flat/grey.png]
[thememinister.com/crm/assets/plugins/icheck/skins/flat/grey@2x.png]
[thememinister.com/crm/assets/plugins/icheck/skins/flat/orange.png]
[thememinister.com/crm/assets/plugins/icheck/skins/flat/orange@2x.png]
[thememinister.com/crm/assets/plugins/icheck/skins/flat/yellow.png]
[thememinister.com/crm/assets/plugins/icheck/skins/flat/yellow@2x.png]
[thememinister.com/crm/assets/plugins/icheck/skins/flat/pink.png]
[thememinister.com/crm/assets/plugins/icheck/skins/flat/pink@2x.png]
[thememinister.com/crm/assets/plugins/icheck/skins/flat/purple.png]
[thememinister.com/crm/assets/plugins/icheck/skins/flat/purple@2x.png]
[thememinister.com/crm/assets/plugins/icheck/skins/flat/_all.css]
[thememinister.com/crm/assets/plugins/icheck/skins/line/line.png]
[thememinister.com/crm/assets/plugins/icheck/skins/line/line@2x.png]
[thememinister.com/crm/assets/plugins/icheck/skins/line/_all.css]
[thememinister.com/crm/assets/plugins/icheck/skins/polaris/polaris.png]
[thememinister.com/crm/assets/plugins/icheck/skins/polaris/polaris@2x.png]
[thememinister.com/crm/assets/plugins/icheck/skins/polaris/polaris.css]
[thememinister.com/crm/assets/plugins/icheck/skins/futurico/futurico.png]
[thememinister.com/crm/assets/plugins/icheck/skins/futurico/futurico.css]
[thememinister.com/crm/assets/plugins/icheck/skins/futurico/futurico@2x.png]
[thememinister.com/crm/assets/plugins/summernote/font/summernote6659.eot]
[thememinister.com/crm/assets/plugins/summernote/font/summernoted41d.eot]
[thememinister.com/crm/assets/plugins/summernote/font/summernote6659.woff]
[thememinister.com/crm/assets/plugins/summernote/font/summernote6659.ttf]
[thememinister.com/crm/assets/plugins/summernote/summernote.css]
[thememinister.com/crm/mailbox.html]
